// Jest Snapshot v1, https://goo.gl/fbAQLP

exports[`Redux - reducer failure sets error field 1`] = `
Object {
  "error": "Some error",
}
`;

exports[`Redux - reducer fetch game list success populates games 1`] = `
Object {
  "games": Object {
    "1234": Object {
      "abbreviation": "test",
      "assets": Object {
        "cover-medium": Object {
          "uri": "https://cover-medium-url",
        },
      },
      "id": "1234",
      "runs": Array [
        Object {
          "players": Array [
            Object {
              "id": "playerId",
            },
          ],
          "times": Object {
            "primary_t": 450,
          },
          "videos": Object {
            "links": Array [
              Object {
                "uri": "https://video-url",
              },
            ],
          },
        },
      ],
    },
    "45678": Object {
      "abbreviation": "test",
      "assets": Object {
        "cover-medium": Object {
          "uri": "https://cover-medium-url",
        },
      },
      "id": "45678",
      "runs": Array [
        Object {
          "players": Array [
            Object {
              "id": "playerId",
            },
          ],
          "times": Object {
            "primary_t": 450,
          },
          "videos": Object {
            "links": Array [
              Object {
                "uri": "https://video-url",
              },
            ],
          },
        },
      ],
    },
  },
}
`;

exports[`Redux - reducer fetch runs appends runs to games 1`] = `
Object {
  "games": Object {
    "1234": Object {
      "abbreviation": "test",
      "assets": Object {
        "cover-medium": Object {
          "uri": "https://cover-medium-url",
        },
      },
      "id": "1234",
      "runs": Array [
        Object {
          "players": Array [
            Object {
              "id": "playerId",
            },
          ],
          "times": Object {
            "primary_t": 450,
          },
          "videos": Object {
            "links": Array [
              Object {
                "uri": "https://video-url",
              },
            ],
          },
        },
      ],
    },
    "45678": Object {
      "abbreviation": "test",
      "assets": Object {
        "cover-medium": Object {
          "uri": "https://cover-medium-url",
        },
      },
      "id": "45678",
      "runs": Array [
        Object {
          "players": Array [
            Object {
              "id": "playerId",
            },
          ],
          "times": Object {
            "primary_t": 450,
          },
          "videos": Object {
            "links": Array [
              Object {
                "uri": "https://video-url",
              },
            ],
          },
        },
      ],
    },
  },
}
`;

exports[`Redux - reducer reset sets state to initial state 1`] = `
Object {
  "error": null,
  "games": Array [],
  "selectedGame": null,
}
`;
