// Jest Snapshot v1, https://goo.gl/fbAQLP

exports[`<GameDetails /> @render default 1`] = `
Array [
  <h1>
    test
  </h1>,
  <img
    alt="test logo"
    src="https://cover-medium-url"
  />,
  <p>
    <b>
      Time:
    </b>
     
    7
     minutes and 
    30
     seconds
  </p>,
  <p>
    <b>
      Player:
    </b>
     
    playerId
  </p>,
  <button>
    <a
      href="https://video-url"
      rel="noopener noreferrer"
      target="_blank"
    >
      Watch run video
    </a>
  </button>,
]
`;
